Archive member included because of file (symbol)

/opt/york/cs/net/sourcery-g++-lite-arm-eabi-2010.09.51-i686-1/arm-none-eabi/lib/thumb2/libcs3.a(start_c.o)
                              (__cs3_start_c)
/opt/york/cs/net/sourcery-g++-lite-arm-eabi-2010.09.51-i686-1/arm-none-eabi/lib/thumb2/libcs3unhosted.a(unhosted-start.o)
                              /opt/york/cs/net/lpc1700-cmsis-lite-2011.01.26-i686-1/lib/startup_LPC17xx.o (_start)
/opt/york/cs/net/sourcery-g++-lite-arm-eabi-2010.09.51-i686-1/arm-none-eabi/lib/thumb2/libc.a(lib_a-init.o)
                              /opt/york/cs/net/sourcery-g++-lite-arm-eabi-2010.09.51-i686-1/arm-none-eabi/lib/thumb2/libcs3.a(start_c.o) (__libc_init_array)
/opt/york/cs/net/lpc1700-cmsis-lite-2011.01.26-i686-1/lib/libDriversLPC17xxgnu.a(lpc17xx_pinsel.o)
                              serial.o (PINSEL_ConfigPin)
/opt/york/cs/net/lpc1700-cmsis-lite-2011.01.26-i686-1/lib/libDriversLPC17xxgnu.a(lpc17xx_uart.o)
                              serial.o (UART_Init)
/opt/york/cs/net/lpc1700-cmsis-lite-2011.01.26-i686-1/lib/libDriversLPC17xxgnu.a(lpc17xx_clkpwr.o)
                              /opt/york/cs/net/lpc1700-cmsis-lite-2011.01.26-i686-1/lib/libDriversLPC17xxgnu.a(lpc17xx_uart.o) (CLKPWR_GetPCLK)
/opt/york/cs/net/lpc1700-cmsis-lite-2011.01.26-i686-1/lib/libDriversLPC17xxgnu.a(lpc17xx_libcfg_default.o)
                              /opt/york/cs/net/lpc1700-cmsis-lite-2011.01.26-i686-1/lib/libDriversLPC17xxgnu.a(lpc17xx_uart.o) (check_failed)

Memory Configuration

Name             Origin             Length             Attributes
rom              0x00000000         0x00080000         xr
ram              0x10000000         0x00008000         xrw
ram1             0x2007c000         0x00004000         xrw
ram2             0x20080000         0x00004000         xrw
*default*        0x00000000         0xffffffff

Linker script and memory map

LOAD /opt/york/cs/net/sourcery-g++-lite-arm-eabi-2010.09.51-i686-1/bin/../lib/gcc/arm-none-eabi/4.5.1/thumb2/crti.o
LOAD /opt/york/cs/net/sourcery-g++-lite-arm-eabi-2010.09.51-i686-1/bin/../lib/gcc/arm-none-eabi/4.5.1/thumb2/crtbegin.o
LOAD serial.o
LOAD /opt/york/cs/net/lpc1700-cmsis-lite-2011.01.26-i686-1/lib/core_cm3.o
LOAD /opt/york/cs/net/lpc1700-cmsis-lite-2011.01.26-i686-1/lib/system_LPC17xx.o
LOAD /opt/york/cs/net/lpc1700-cmsis-lite-2011.01.26-i686-1/lib/startup_LPC17xx.o
START GROUP
LOAD /opt/york/cs/net/sourcery-g++-lite-arm-eabi-2010.09.51-i686-1/arm-none-eabi/lib/thumb2/libc.a
LOAD /opt/york/cs/net/sourcery-g++-lite-arm-eabi-2010.09.51-i686-1/arm-none-eabi/lib/thumb2/libg.a
LOAD /opt/york/cs/net/sourcery-g++-lite-arm-eabi-2010.09.51-i686-1/arm-none-eabi/lib/thumb2/libstdc++.a
LOAD /opt/york/cs/net/sourcery-g++-lite-arm-eabi-2010.09.51-i686-1/arm-none-eabi/lib/thumb2/libsupc++.a
LOAD /opt/york/cs/net/sourcery-g++-lite-arm-eabi-2010.09.51-i686-1/bin/../lib/gcc/arm-none-eabi/4.5.1/thumb2/libgcc.a
LOAD /opt/york/cs/net/sourcery-g++-lite-arm-eabi-2010.09.51-i686-1/arm-none-eabi/lib/thumb2/libm.a
END GROUP
START GROUP
LOAD /opt/york/cs/net/sourcery-g++-lite-arm-eabi-2010.09.51-i686-1/bin/../lib/gcc/arm-none-eabi/4.5.1/thumb2/libgcc.a
LOAD /opt/york/cs/net/sourcery-g++-lite-arm-eabi-2010.09.51-i686-1/arm-none-eabi/lib/thumb2/libc.a
LOAD /opt/york/cs/net/sourcery-g++-lite-arm-eabi-2010.09.51-i686-1/arm-none-eabi/lib/thumb2/libcs3.a
LOAD /opt/york/cs/net/sourcery-g++-lite-arm-eabi-2010.09.51-i686-1/arm-none-eabi/lib/thumb2/libcs3unhosted.a
LOAD /opt/york/cs/net/sourcery-g++-lite-arm-eabi-2010.09.51-i686-1/arm-none-eabi/lib/thumb2/libcs3micro.a
END GROUP
                0x10008000                PROVIDE (__cs3_stack, (__cs3_region_start_ram + __cs3_region_size_ram))
                0x00007fe8                PROVIDE (__cs3_stack_size, ((__cs3_region_start_ram + __cs3_region_size_ram) - _end))
                0x10000018                PROVIDE (__cs3_heap_start, _end)
                0x10008000                PROVIDE (__cs3_heap_end, (__cs3_region_start_ram + __cs3_region_size_ram))

.text           0x00000000     0x2520
 CREATE_OBJECT_SYMBOLS
                0x00000000                __cs3_region_start_rom = .
 *(.cs3.region-head.rom)
                0x00000000                __cs3_interrupt_vector = __cs3_interrupt_vector_cortex_m
 *(.cs3.interrupt_vector)
 .cs3.interrupt_vector
                0x00000000       0xcc /opt/york/cs/net/lpc1700-cmsis-lite-2011.01.26-i686-1/lib/startup_LPC17xx.o
                0x00000000                __cs3_interrupt_vector_cortex_m
                0x00000001                ASSERT ((. != __cs3_interrupt_vector_cortex_m), No interrupt vector)
 *(.rom)
 *(.rom.b)
                0x000000cc                __cs3_reset = __cs3_reset_cortex_m
 *(.cs3.reset)
 .cs3.reset     0x000000cc       0x10 /opt/york/cs/net/lpc1700-cmsis-lite-2011.01.26-i686-1/lib/startup_LPC17xx.o
                0x000000cc                __cs3_reset_cortex_m
                0x00000001                ASSERT ((. != __cs3_reset), No reset code)
 *(.text .text.* .gnu.linkonce.t.*)
 .text          0x000000dc        0x0 /opt/york/cs/net/sourcery-g++-lite-arm-eabi-2010.09.51-i686-1/bin/../lib/gcc/arm-none-eabi/4.5.1/thumb2/crti.o
 .text          0x000000dc       0x30 /opt/york/cs/net/sourcery-g++-lite-arm-eabi-2010.09.51-i686-1/bin/../lib/gcc/arm-none-eabi/4.5.1/thumb2/crtbegin.o
 .text          0x0000010c        0x0 serial.o
 .text.main     0x0000010c       0x1c serial.o
                0x0000010c                main
 .text.read_usb_serial_none_blocking
                0x00000128       0x2c serial.o
                0x00000128                read_usb_serial_none_blocking
 .text.write_usb_serial_blocking
                0x00000154       0x2c serial.o
                0x00000154                write_usb_serial_blocking
 .text.serial_init
                0x00000180       0x90 serial.o
                0x00000180                serial_init
 .text          0x00000210        0x0 /opt/york/cs/net/lpc1700-cmsis-lite-2011.01.26-i686-1/lib/core_cm3.o
 .text          0x00000210        0x0 /opt/york/cs/net/lpc1700-cmsis-lite-2011.01.26-i686-1/lib/system_LPC17xx.o
 .text.SystemCoreClockUpdate
                0x00000210      0x228 /opt/york/cs/net/lpc1700-cmsis-lite-2011.01.26-i686-1/lib/system_LPC17xx.o
                0x00000210                SystemCoreClockUpdate
 .text.SystemInit
                0x00000438      0x240 /opt/york/cs/net/lpc1700-cmsis-lite-2011.01.26-i686-1/lib/system_LPC17xx.o
                0x00000438                SystemInit
 .text          0x00000678       0x14 /opt/york/cs/net/lpc1700-cmsis-lite-2011.01.26-i686-1/lib/startup_LPC17xx.o
                0x00000678                NMI_Handler
                0x0000067a                HardFault_Handler
                0x0000067c                MemManage_Handler
                0x0000067e                BusFault_Handler
                0x00000680                UsageFault_Handler
                0x00000682                SVC_Handler
                0x00000684                DebugMon_Handler
                0x00000686                PendSV_Handler
                0x00000688                SysTick_Handler
                0x0000068a                TIMER2_IRQHandler
                0x0000068a                RIT_IRQHandler
                0x0000068a                I2C0_IRQHandler
                0x0000068a                USBActivity_IRQHandler
                0x0000068a                PWM1_IRQHandler
                0x0000068a                I2C1_IRQHandler
                0x0000068a                EINT2_IRQHandler
                0x0000068a                UART1_IRQHandler
                0x0000068a                EINT3_IRQHandler
                0x0000068a                CANActivity_IRQHandler
                0x0000068a                TIMER3_IRQHandler
                0x0000068a                UART0_IRQHandler
                0x0000068a                PLL0_IRQHandler
                0x0000068a                CAN_IRQHandler
                0x0000068a                PLL1_IRQHandler
                0x0000068a                SSP0_IRQHandler
                0x0000068a                I2S_IRQHandler
                0x0000068a                I2C2_IRQHandler
                0x0000068a                RTC_IRQHandler
                0x0000068a                TIMER0_IRQHandler
                0x0000068a                SPI_IRQHandler
                0x0000068a                EINT1_IRQHandler
                0x0000068a                TIMER1_IRQHandler
                0x0000068a                UART2_IRQHandler
                0x0000068a                Default_Handler
                0x0000068a                ADC_IRQHandler
                0x0000068a                SSP1_IRQHandler
                0x0000068a                USB_IRQHandler
                0x0000068a                BOD_IRQHandler
                0x0000068a                WDT_IRQHandler
                0x0000068a                QEI_IRQHandler
                0x0000068a                EINT0_IRQHandler
                0x0000068a                DMA_IRQHandler
                0x0000068a                UART3_IRQHandler
                0x0000068a                MCPWM_IRQHandler
                0x0000068a                ENET_IRQHandler
 .text          0x0000068c       0x30 /opt/york/cs/net/sourcery-g++-lite-arm-eabi-2010.09.51-i686-1/arm-none-eabi/lib/thumb2/libcs3.a(start_c.o)
                0x0000068c                __cs3_premain
 .text.cs3.init
                0x000006bc       0x50 /opt/york/cs/net/sourcery-g++-lite-arm-eabi-2010.09.51-i686-1/arm-none-eabi/lib/thumb2/libcs3.a(start_c.o)
                0x000006bc                __cs3_start_c
 .text          0x0000070c        0x0 /opt/york/cs/net/sourcery-g++-lite-arm-eabi-2010.09.51-i686-1/arm-none-eabi/lib/thumb2/libcs3unhosted.a(unhosted-start.o)
 .text.cs3.init
                0x0000070c       0x10 /opt/york/cs/net/sourcery-g++-lite-arm-eabi-2010.09.51-i686-1/arm-none-eabi/lib/thumb2/libcs3unhosted.a(unhosted-start.o)
                0x0000070c                _start
 .text          0x0000071c       0x50 /opt/york/cs/net/sourcery-g++-lite-arm-eabi-2010.09.51-i686-1/arm-none-eabi/lib/thumb2/libc.a(lib_a-init.o)
                0x0000071c                __libc_init_array
 .text          0x0000076c        0x0 /opt/york/cs/net/lpc1700-cmsis-lite-2011.01.26-i686-1/lib/libDriversLPC17xxgnu.a(lpc17xx_pinsel.o)
 .text.set_PinFunc
                0x0000076c       0xa0 /opt/york/cs/net/lpc1700-cmsis-lite-2011.01.26-i686-1/lib/libDriversLPC17xxgnu.a(lpc17xx_pinsel.o)
 .text.set_ResistorMode
                0x0000080c       0xa0 /opt/york/cs/net/lpc1700-cmsis-lite-2011.01.26-i686-1/lib/libDriversLPC17xxgnu.a(lpc17xx_pinsel.o)
 .text.set_OpenDrainMode
                0x000008ac       0x80 /opt/york/cs/net/lpc1700-cmsis-lite-2011.01.26-i686-1/lib/libDriversLPC17xxgnu.a(lpc17xx_pinsel.o)
 .text.PINSEL_ConfigTraceFunc
                0x0000092c       0x54 /opt/york/cs/net/lpc1700-cmsis-lite-2011.01.26-i686-1/lib/libDriversLPC17xxgnu.a(lpc17xx_pinsel.o)
                0x0000092c                PINSEL_ConfigTraceFunc
 .text.PINSEL_SetI2C0Pins
                0x00000980       0x3c /opt/york/cs/net/lpc1700-cmsis-lite-2011.01.26-i686-1/lib/libDriversLPC17xxgnu.a(lpc17xx_pinsel.o)
                0x00000980                PINSEL_SetI2C0Pins
 .text.PINSEL_ConfigPin
                0x000009bc       0x54 /opt/york/cs/net/lpc1700-cmsis-lite-2011.01.26-i686-1/lib/libDriversLPC17xxgnu.a(lpc17xx_pinsel.o)
                0x000009bc                PINSEL_ConfigPin
 .text          0x00000a10        0x0 /opt/york/cs/net/lpc1700-cmsis-lite-2011.01.26-i686-1/lib/libDriversLPC17xxgnu.a(lpc17xx_uart.o)
 .text.uart_set_divisors
                0x00000a10      0x26c /opt/york/cs/net/lpc1700-cmsis-lite-2011.01.26-i686-1/lib/libDriversLPC17xxgnu.a(lpc17xx_uart.o)
 .text.UART_Init
                0x00000c7c      0x368 /opt/york/cs/net/lpc1700-cmsis-lite-2011.01.26-i686-1/lib/libDriversLPC17xxgnu.a(lpc17xx_uart.o)
                0x00000c7c                UART_Init
 .text.UART_DeInit
                0x00000fe4       0xcc /opt/york/cs/net/lpc1700-cmsis-lite-2011.01.26-i686-1/lib/libDriversLPC17xxgnu.a(lpc17xx_uart.o)
                0x00000fe4                UART_DeInit
 .text.UART_ConfigStructInit
                0x000010b0       0x34 /opt/york/cs/net/lpc1700-cmsis-lite-2011.01.26-i686-1/lib/libDriversLPC17xxgnu.a(lpc17xx_uart.o)
                0x000010b0                UART_ConfigStructInit
 .text.UART_SendByte
                0x000010e4       0x78 /opt/york/cs/net/lpc1700-cmsis-lite-2011.01.26-i686-1/lib/libDriversLPC17xxgnu.a(lpc17xx_uart.o)
                0x000010e4                UART_SendByte
 .text.UART_ReceiveByte
                0x0000115c       0x78 /opt/york/cs/net/lpc1700-cmsis-lite-2011.01.26-i686-1/lib/libDriversLPC17xxgnu.a(lpc17xx_uart.o)
                0x0000115c                UART_ReceiveByte
 .text.UART_Send
                0x000011d4      0x10c /opt/york/cs/net/lpc1700-cmsis-lite-2011.01.26-i686-1/lib/libDriversLPC17xxgnu.a(lpc17xx_uart.o)
                0x000011d4                UART_Send
 .text.UART_Receive
                0x000012e0       0xd8 /opt/york/cs/net/lpc1700-cmsis-lite-2011.01.26-i686-1/lib/libDriversLPC17xxgnu.a(lpc17xx_uart.o)
                0x000012e0                UART_Receive
 .text.UART_ForceBreak
                0x000013b8       0x88 /opt/york/cs/net/lpc1700-cmsis-lite-2011.01.26-i686-1/lib/libDriversLPC17xxgnu.a(lpc17xx_uart.o)
                0x000013b8                UART_ForceBreak
 .text.UART_IntConfig
                0x00001440      0x1d0 /opt/york/cs/net/lpc1700-cmsis-lite-2011.01.26-i686-1/lib/libDriversLPC17xxgnu.a(lpc17xx_uart.o)
                0x00001440                UART_IntConfig
 .text.UART_GetLineStatus
                0x00001610       0x7c /opt/york/cs/net/lpc1700-cmsis-lite-2011.01.26-i686-1/lib/libDriversLPC17xxgnu.a(lpc17xx_uart.o)
                0x00001610                UART_GetLineStatus
 .text.UART_GetIntId
                0x0000168c       0x68 /opt/york/cs/net/lpc1700-cmsis-lite-2011.01.26-i686-1/lib/libDriversLPC17xxgnu.a(lpc17xx_uart.o)
                0x0000168c                UART_GetIntId
 .text.UART_CheckBusy
                0x000016f4       0x2c /opt/york/cs/net/lpc1700-cmsis-lite-2011.01.26-i686-1/lib/libDriversLPC17xxgnu.a(lpc17xx_uart.o)
                0x000016f4                UART_CheckBusy
 .text.UART_FIFOConfig
                0x00001720      0x184 /opt/york/cs/net/lpc1700-cmsis-lite-2011.01.26-i686-1/lib/libDriversLPC17xxgnu.a(lpc17xx_uart.o)
                0x00001720                UART_FIFOConfig
 .text.UART_FIFOConfigStructInit
                0x000018a4       0x34 /opt/york/cs/net/lpc1700-cmsis-lite-2011.01.26-i686-1/lib/libDriversLPC17xxgnu.a(lpc17xx_uart.o)
                0x000018a4                UART_FIFOConfigStructInit
 .text.UART_ABCmd
                0x000018d8      0x15c /opt/york/cs/net/lpc1700-cmsis-lite-2011.01.26-i686-1/lib/libDriversLPC17xxgnu.a(lpc17xx_uart.o)
                0x000018d8                UART_ABCmd
 .text.UART_ABClearIntPending
                0x00001a34       0x88 /opt/york/cs/net/lpc1700-cmsis-lite-2011.01.26-i686-1/lib/libDriversLPC17xxgnu.a(lpc17xx_uart.o)
                0x00001a34                UART_ABClearIntPending
 .text.UART_TxCmd
                0x00001abc       0xe8 /opt/york/cs/net/lpc1700-cmsis-lite-2011.01.26-i686-1/lib/libDriversLPC17xxgnu.a(lpc17xx_uart.o)
                0x00001abc                UART_TxCmd
 .text.UART_IrDAInvtInputCmd
                0x00001ba4       0x84 /opt/york/cs/net/lpc1700-cmsis-lite-2011.01.26-i686-1/lib/libDriversLPC17xxgnu.a(lpc17xx_uart.o)
                0x00001ba4                UART_IrDAInvtInputCmd
 .text.UART_IrDACmd
                0x00001c28       0x80 /opt/york/cs/net/lpc1700-cmsis-lite-2011.01.26-i686-1/lib/libDriversLPC17xxgnu.a(lpc17xx_uart.o)
                0x00001c28                UART_IrDACmd
 .text.UART_IrDAPulseDivConfig
                0x00001ca8       0xac /opt/york/cs/net/lpc1700-cmsis-lite-2011.01.26-i686-1/lib/libDriversLPC17xxgnu.a(lpc17xx_uart.o)
                0x00001ca8                UART_IrDAPulseDivConfig
 .text.UART_FullModemForcePinState
                0x00001d54       0xcc /opt/york/cs/net/lpc1700-cmsis-lite-2011.01.26-i686-1/lib/libDriversLPC17xxgnu.a(lpc17xx_uart.o)
                0x00001d54                UART_FullModemForcePinState
 .text.UART_FullModemConfigMode
                0x00001e20       0xd8 /opt/york/cs/net/lpc1700-cmsis-lite-2011.01.26-i686-1/lib/libDriversLPC17xxgnu.a(lpc17xx_uart.o)
                0x00001e20                UART_FullModemConfigMode
 .text.UART_FullModemGetStatus
                0x00001ef8       0x38 /opt/york/cs/net/lpc1700-cmsis-lite-2011.01.26-i686-1/lib/libDriversLPC17xxgnu.a(lpc17xx_uart.o)
                0x00001ef8                UART_FullModemGetStatus
 .text.UART_RS485Config
                0x00001f30      0x1bc /opt/york/cs/net/lpc1700-cmsis-lite-2011.01.26-i686-1/lib/libDriversLPC17xxgnu.a(lpc17xx_uart.o)
                0x00001f30                UART_RS485Config
 .text.UART_RS485ReceiverCmd
                0x000020ec       0x48 /opt/york/cs/net/lpc1700-cmsis-lite-2011.01.26-i686-1/lib/libDriversLPC17xxgnu.a(lpc17xx_uart.o)
                0x000020ec                UART_RS485ReceiverCmd
 .text.UART_RS485Send
                0x00002134       0x84 /opt/york/cs/net/lpc1700-cmsis-lite-2011.01.26-i686-1/lib/libDriversLPC17xxgnu.a(lpc17xx_uart.o)
                0x00002134                UART_RS485Send
 .text.UART_RS485SendSlvAddr
                0x000021b8       0x28 /opt/york/cs/net/lpc1700-cmsis-lite-2011.01.26-i686-1/lib/libDriversLPC17xxgnu.a(lpc17xx_uart.o)
                0x000021b8                UART_RS485SendSlvAddr
 .text.UART_RS485SendData
                0x000021e0       0x28 /opt/york/cs/net/lpc1700-cmsis-lite-2011.01.26-i686-1/lib/libDriversLPC17xxgnu.a(lpc17xx_uart.o)
                0x000021e0                UART_RS485SendData
 .text          0x00002208        0x0 /opt/york/cs/net/lpc1700-cmsis-lite-2011.01.26-i686-1/lib/libDriversLPC17xxgnu.a(lpc17xx_clkpwr.o)
 .text.CLKPWR_SetPCLKDiv
                0x00002208       0xd4 /opt/york/cs/net/lpc1700-cmsis-lite-2011.01.26-i686-1/lib/libDriversLPC17xxgnu.a(lpc17xx_clkpwr.o)
                0x00002208                CLKPWR_SetPCLKDiv
 .text.CLKPWR_GetPCLKSEL
                0x000022dc       0x54 /opt/york/cs/net/lpc1700-cmsis-lite-2011.01.26-i686-1/lib/libDriversLPC17xxgnu.a(lpc17xx_clkpwr.o)
                0x000022dc                CLKPWR_GetPCLKSEL
 .text.CLKPWR_GetPCLK
                0x00002330       0x70 /opt/york/cs/net/lpc1700-cmsis-lite-2011.01.26-i686-1/lib/libDriversLPC17xxgnu.a(lpc17xx_clkpwr.o)
                0x00002330                CLKPWR_GetPCLK
 .text.CLKPWR_ConfigPPWR
                0x000023a0       0x80 /opt/york/cs/net/lpc1700-cmsis-lite-2011.01.26-i686-1/lib/libDriversLPC17xxgnu.a(lpc17xx_clkpwr.o)
                0x000023a0                CLKPWR_ConfigPPWR
 .text.CLKPWR_Sleep
                0x00002420       0x1c /opt/york/cs/net/lpc1700-cmsis-lite-2011.01.26-i686-1/lib/libDriversLPC17xxgnu.a(lpc17xx_clkpwr.o)
                0x00002420                CLKPWR_Sleep
 .text.CLKPWR_DeepSleep
                0x0000243c       0x2c /opt/york/cs/net/lpc1700-cmsis-lite-2011.01.26-i686-1/lib/libDriversLPC17xxgnu.a(lpc17xx_clkpwr.o)
                0x0000243c                CLKPWR_DeepSleep
 .text.CLKPWR_PowerDown
                0x00002468       0x2c /opt/york/cs/net/lpc1700-cmsis-lite-2011.01.26-i686-1/lib/libDriversLPC17xxgnu.a(lpc17xx_clkpwr.o)
                0x00002468                CLKPWR_PowerDown
 .text.CLKPWR_DeepPowerDown
                0x00002494       0x2c /opt/york/cs/net/lpc1700-cmsis-lite-2011.01.26-i686-1/lib/libDriversLPC17xxgnu.a(lpc17xx_clkpwr.o)
                0x00002494                CLKPWR_DeepPowerDown
 .text          0x000024c0        0x0 /opt/york/cs/net/lpc1700-cmsis-lite-2011.01.26-i686-1/lib/libDriversLPC17xxgnu.a(lpc17xx_libcfg_default.o)
 .text.check_failed
                0x000024c0        0xc /opt/york/cs/net/lpc1700-cmsis-lite-2011.01.26-i686-1/lib/libDriversLPC17xxgnu.a(lpc17xx_libcfg_default.o)
                0x000024c0                check_failed
 .text          0x000024cc        0x0 /opt/york/cs/net/sourcery-g++-lite-arm-eabi-2010.09.51-i686-1/bin/../lib/gcc/arm-none-eabi/4.5.1/thumb2/crtend.o
 .text          0x000024cc        0x0 /opt/york/cs/net/sourcery-g++-lite-arm-eabi-2010.09.51-i686-1/bin/../lib/gcc/arm-none-eabi/4.5.1/thumb2/crtn.o
 *(.plt)
 *(.gnu.warning)
 *(.glue_7t)
 .glue_7t       0x00000000        0x0 linker stubs
 *(.glue_7)
 .glue_7        0x00000000        0x0 linker stubs
 *(.vfp11_veneer)
 .vfp11_veneer  0x00000000        0x0 linker stubs
 *(.rodata .rodata.* .gnu.linkonce.r.*)
 .rodata        0x000024cc       0x10 serial.o
 .rodata        0x000024dc       0x10 /opt/york/cs/net/lpc1700-cmsis-lite-2011.01.26-i686-1/lib/libDriversLPC17xxgnu.a(lpc17xx_uart.o)
 *(.ARM.extab* .gnu.linkonce.armextab.*)
 .ARM.extab.cs3.reset
                0x000024ec        0x0 /opt/york/cs/net/lpc1700-cmsis-lite-2011.01.26-i686-1/lib/startup_LPC17xx.o
 *(.gcc_except_table)
 *(.eh_frame_hdr)
 *(.eh_frame)
                0x000024ec                . = ALIGN (0x4)
 *(.init)
 .init          0x000024ec        0x4 /opt/york/cs/net/sourcery-g++-lite-arm-eabi-2010.09.51-i686-1/bin/../lib/gcc/arm-none-eabi/4.5.1/thumb2/crti.o
                0x000024ec                _init
 .init          0x000024f0        0x8 /opt/york/cs/net/sourcery-g++-lite-arm-eabi-2010.09.51-i686-1/bin/../lib/gcc/arm-none-eabi/4.5.1/thumb2/crtn.o
                0x000024f8                . = ALIGN (0x4)
                0x000024f8                __preinit_array_start = .
 *(.preinit_array)
                0x000024f8                __preinit_array_end = .
                0x000024f8                . = ALIGN (0x4)
                0x000024f8                __init_array_start = .
 *(SORT(.init_array.*))
 *(.init_array)
 .init_array    0x000024f8        0x4 /opt/york/cs/net/sourcery-g++-lite-arm-eabi-2010.09.51-i686-1/bin/../lib/gcc/arm-none-eabi/4.5.1/thumb2/crtbegin.o
                0x000024fc                __init_array_end = .
                0x000024fc                . = ALIGN (0x4)
 *crtbegin.o(.ctors)
 *(EXCLUDE_FILE(*crtend.o) .ctors)
 *(SORT(.ctors.*))
 *crtend.o(.ctors)
                0x000024fc                . = ALIGN (0x4)
 *(.fini)
 .fini          0x000024fc        0x4 /opt/york/cs/net/sourcery-g++-lite-arm-eabi-2010.09.51-i686-1/bin/../lib/gcc/arm-none-eabi/4.5.1/thumb2/crti.o
                0x000024fc                _fini
 .fini          0x00002500        0x8 /opt/york/cs/net/sourcery-g++-lite-arm-eabi-2010.09.51-i686-1/bin/../lib/gcc/arm-none-eabi/4.5.1/thumb2/crtn.o
                0x00002508                . = ALIGN (0x4)
                0x00002508                __fini_array_start = .
 *(.fini_array)
 .fini_array    0x00002508        0x4 /opt/york/cs/net/sourcery-g++-lite-arm-eabi-2010.09.51-i686-1/bin/../lib/gcc/arm-none-eabi/4.5.1/thumb2/crtbegin.o
 *(SORT(.fini_array.*))
                0x0000250c                __fini_array_end = .
 *crtbegin.o(.dtors)
 *(EXCLUDE_FILE(*crtend.o) .dtors)
 *(SORT(.dtors.*))
 *crtend.o(.dtors)
                0x0000250c                . = ALIGN (0x4)
                0x0000250c                __cs3_regions = .
                0x0000250c        0x4 LONG 0x0
                0x00002510        0x4 LONG 0x2528 __cs3_region_init_ram
                0x00002514        0x4 LONG 0x10000000 __cs3_region_start_ram
                0x00002518        0x4 LONG 0x10 __cs3_region_init_size_ram
                0x0000251c        0x4 LONG 0x8 __cs3_region_zero_size_ram
                0x00002520                __exidx_start = .

.v4_bx          0x00002520        0x0
 .v4_bx         0x00000000        0x0 linker stubs

.ARM.exidx      0x00002520        0x8
 *(.ARM.exidx* .gnu.linkonce.armexidx.*)
 .ARM.exidx.cs3.reset
                0x00002520        0x8 /opt/york/cs/net/lpc1700-cmsis-lite-2011.01.26-i686-1/lib/startup_LPC17xx.o
                0x00002528                __exidx_end = .

.text.align     0x00002528        0x0
                0x00002528                . = ALIGN (0x8)
                0x00002528                _etext = .
                0x00080000                __cs3_region_size_rom = 0x80000
                0x00000001                __cs3_region_num = 0x1

.data           0x10000000       0x10 load address 0x00002528
                0x10000000                __cs3_region_start_ram = .
 *(.cs3.region-head.ram)
 *(.jcr)
 .jcr           0x10000000        0x0 /opt/york/cs/net/sourcery-g++-lite-arm-eabi-2010.09.51-i686-1/bin/../lib/gcc/arm-none-eabi/4.5.1/thumb2/crtbegin.o
 .jcr           0x10000000        0x4 /opt/york/cs/net/sourcery-g++-lite-arm-eabi-2010.09.51-i686-1/bin/../lib/gcc/arm-none-eabi/4.5.1/thumb2/crtend.o
 *(.got.plt)
 *(.got)
 *(.shdata)
 *(.data .data.* .gnu.linkonce.d.*)
 .data          0x10000004        0x0 /opt/york/cs/net/sourcery-g++-lite-arm-eabi-2010.09.51-i686-1/bin/../lib/gcc/arm-none-eabi/4.5.1/thumb2/crti.o
 .data          0x10000004        0x4 /opt/york/cs/net/sourcery-g++-lite-arm-eabi-2010.09.51-i686-1/bin/../lib/gcc/arm-none-eabi/4.5.1/thumb2/crtbegin.o
                0x10000004                __dso_handle
 .data          0x10000008        0x0 serial.o
 .data          0x10000008        0x0 /opt/york/cs/net/lpc1700-cmsis-lite-2011.01.26-i686-1/lib/core_cm3.o
 .data          0x10000008        0x0 /opt/york/cs/net/lpc1700-cmsis-lite-2011.01.26-i686-1/lib/system_LPC17xx.o
 .data.SystemCoreClock
                0x10000008        0x4 /opt/york/cs/net/lpc1700-cmsis-lite-2011.01.26-i686-1/lib/system_LPC17xx.o
                0x10000008                SystemCoreClock
 .data          0x1000000c        0x0 /opt/york/cs/net/lpc1700-cmsis-lite-2011.01.26-i686-1/lib/startup_LPC17xx.o
 .data          0x1000000c        0x0 /opt/york/cs/net/sourcery-g++-lite-arm-eabi-2010.09.51-i686-1/arm-none-eabi/lib/thumb2/libcs3.a(start_c.o)
 .data          0x1000000c        0x0 /opt/york/cs/net/sourcery-g++-lite-arm-eabi-2010.09.51-i686-1/arm-none-eabi/lib/thumb2/libcs3unhosted.a(unhosted-start.o)
 .data          0x1000000c        0x0 /opt/york/cs/net/sourcery-g++-lite-arm-eabi-2010.09.51-i686-1/arm-none-eabi/lib/thumb2/libc.a(lib_a-init.o)
 .data          0x1000000c        0x0 /opt/york/cs/net/lpc1700-cmsis-lite-2011.01.26-i686-1/lib/libDriversLPC17xxgnu.a(lpc17xx_pinsel.o)
 .data          0x1000000c        0x0 /opt/york/cs/net/lpc1700-cmsis-lite-2011.01.26-i686-1/lib/libDriversLPC17xxgnu.a(lpc17xx_uart.o)
 .data          0x1000000c        0x0 /opt/york/cs/net/lpc1700-cmsis-lite-2011.01.26-i686-1/lib/libDriversLPC17xxgnu.a(lpc17xx_clkpwr.o)
 .data          0x1000000c        0x0 /opt/york/cs/net/lpc1700-cmsis-lite-2011.01.26-i686-1/lib/libDriversLPC17xxgnu.a(lpc17xx_libcfg_default.o)
 .data          0x1000000c        0x0 /opt/york/cs/net/sourcery-g++-lite-arm-eabi-2010.09.51-i686-1/bin/../lib/gcc/arm-none-eabi/4.5.1/thumb2/crtend.o
 .data          0x1000000c        0x0 /opt/york/cs/net/sourcery-g++-lite-arm-eabi-2010.09.51-i686-1/bin/../lib/gcc/arm-none-eabi/4.5.1/thumb2/crtn.o
 *(.ram)
                0x10000010                . = ALIGN (0x8)
 *fill*         0x1000000c        0x4 00
                0x10000010                _edata = .

.bss            0x10000010        0x8 load address 0x00002538
 *(.shbss)
 *(.bss .bss.* .gnu.linkonce.b.*)
 .bss           0x10000010        0x0 /opt/york/cs/net/sourcery-g++-lite-arm-eabi-2010.09.51-i686-1/bin/../lib/gcc/arm-none-eabi/4.5.1/thumb2/crti.o
 .bss           0x10000010        0x1 /opt/york/cs/net/sourcery-g++-lite-arm-eabi-2010.09.51-i686-1/bin/../lib/gcc/arm-none-eabi/4.5.1/thumb2/crtbegin.o
 .bss           0x10000011        0x0 serial.o
 .bss           0x10000011        0x0 /opt/york/cs/net/lpc1700-cmsis-lite-2011.01.26-i686-1/lib/core_cm3.o
 .bss           0x10000011        0x0 /opt/york/cs/net/lpc1700-cmsis-lite-2011.01.26-i686-1/lib/system_LPC17xx.o
 .bss           0x10000011        0x0 /opt/york/cs/net/lpc1700-cmsis-lite-2011.01.26-i686-1/lib/startup_LPC17xx.o
 .bss           0x10000011        0x0 /opt/york/cs/net/sourcery-g++-lite-arm-eabi-2010.09.51-i686-1/arm-none-eabi/lib/thumb2/libcs3.a(start_c.o)
 .bss           0x10000011        0x0 /opt/york/cs/net/sourcery-g++-lite-arm-eabi-2010.09.51-i686-1/arm-none-eabi/lib/thumb2/libcs3unhosted.a(unhosted-start.o)
 .bss           0x10000011        0x0 /opt/york/cs/net/sourcery-g++-lite-arm-eabi-2010.09.51-i686-1/arm-none-eabi/lib/thumb2/libc.a(lib_a-init.o)
 .bss           0x10000011        0x0 /opt/york/cs/net/lpc1700-cmsis-lite-2011.01.26-i686-1/lib/libDriversLPC17xxgnu.a(lpc17xx_pinsel.o)
 .bss           0x10000011        0x0 /opt/york/cs/net/lpc1700-cmsis-lite-2011.01.26-i686-1/lib/libDriversLPC17xxgnu.a(lpc17xx_uart.o)
 .bss           0x10000011        0x0 /opt/york/cs/net/lpc1700-cmsis-lite-2011.01.26-i686-1/lib/libDriversLPC17xxgnu.a(lpc17xx_clkpwr.o)
 .bss           0x10000011        0x0 /opt/york/cs/net/lpc1700-cmsis-lite-2011.01.26-i686-1/lib/libDriversLPC17xxgnu.a(lpc17xx_libcfg_default.o)
 .bss           0x10000011        0x0 /opt/york/cs/net/sourcery-g++-lite-arm-eabi-2010.09.51-i686-1/bin/../lib/gcc/arm-none-eabi/4.5.1/thumb2/crtend.o
 .bss           0x10000011        0x0 /opt/york/cs/net/sourcery-g++-lite-arm-eabi-2010.09.51-i686-1/bin/../lib/gcc/arm-none-eabi/4.5.1/thumb2/crtn.o
 *(COMMON)
 *(.ram.b)
                0x10000018                . = ALIGN (0x8)
 *fill*         0x10000011        0x7 00
                0x10000018                _end = .
                0x10000018                __end = .

.usb_ram
 *.o(USB_RAM)

.heap           0x10000018     0x1000
 *(.heap)
 .heap          0x10000018     0x1000 /opt/york/cs/net/lpc1700-cmsis-lite-2011.01.26-i686-1/lib/startup_LPC17xx.o
                0x10000018                __cs3_heap_start
                0x10001018                __cs3_heap_end

.stack          0x10007f00      0x100
 *(.stack)
 .stack         0x10007f00      0x100 /opt/york/cs/net/lpc1700-cmsis-lite-2011.01.26-i686-1/lib/startup_LPC17xx.o
                0x10007f00                __cs3_stack_mem
                0x10008000                _estack = .
                0x10008000                PROVIDE (estack, .)
                0x00002528                __cs3_region_init_ram = LOADADDR (.data)
                0x00000010                __cs3_region_init_size_ram = (_edata - __cs3_region_start_ram)
                0x00000008                __cs3_region_zero_size_ram = (_end - _edata)
                0x00008000                __cs3_region_size_ram = 0x8000
                0x00000001                __cs3_region_num = 0x1

.stab
 *(.stab)

.stabstr
 *(.stabstr)

.debug
 *(.debug)

.line
 *(.line)

.debug_srcinfo
 *(.debug_srcinfo)

.debug_sfnames
 *(.debug_sfnames)

.comment        0x00000000       0x2a
 .comment       0x00000000       0x2a serial.o
                                 0x2b (size before relaxing)
 .comment       0x00000000       0x2b /opt/york/cs/net/lpc1700-cmsis-lite-2011.01.26-i686-1/lib/core_cm3.o
 .comment       0x00000000       0x2b /opt/york/cs/net/lpc1700-cmsis-lite-2011.01.26-i686-1/lib/system_LPC17xx.o
 .comment       0x00000000       0x2b /opt/york/cs/net/lpc1700-cmsis-lite-2011.01.26-i686-1/lib/libDriversLPC17xxgnu.a(lpc17xx_pinsel.o)
 .comment       0x00000000       0x2b /opt/york/cs/net/lpc1700-cmsis-lite-2011.01.26-i686-1/lib/libDriversLPC17xxgnu.a(lpc17xx_uart.o)
 .comment       0x00000000       0x2b /opt/york/cs/net/lpc1700-cmsis-lite-2011.01.26-i686-1/lib/libDriversLPC17xxgnu.a(lpc17xx_clkpwr.o)
 .comment       0x00000000       0x2b /opt/york/cs/net/lpc1700-cmsis-lite-2011.01.26-i686-1/lib/libDriversLPC17xxgnu.a(lpc17xx_libcfg_default.o)

.debug_aranges  0x00000000      0x248
 *(.debug_aranges)
 .debug_aranges
                0x00000000       0x38 serial.o
 .debug_aranges
                0x00000038       0x28 /opt/york/cs/net/lpc1700-cmsis-lite-2011.01.26-i686-1/lib/system_LPC17xx.o
 .debug_aranges
                0x00000060       0x28 /opt/york/cs/net/lpc1700-cmsis-lite-2011.01.26-i686-1/lib/startup_LPC17xx.o
 .debug_aranges
                0x00000088       0x48 /opt/york/cs/net/lpc1700-cmsis-lite-2011.01.26-i686-1/lib/libDriversLPC17xxgnu.a(lpc17xx_pinsel.o)
 .debug_aranges
                0x000000d0      0x100 /opt/york/cs/net/lpc1700-cmsis-lite-2011.01.26-i686-1/lib/libDriversLPC17xxgnu.a(lpc17xx_uart.o)
 .debug_aranges
                0x000001d0       0x58 /opt/york/cs/net/lpc1700-cmsis-lite-2011.01.26-i686-1/lib/libDriversLPC17xxgnu.a(lpc17xx_clkpwr.o)
 .debug_aranges
                0x00000228       0x20 /opt/york/cs/net/lpc1700-cmsis-lite-2011.01.26-i686-1/lib/libDriversLPC17xxgnu.a(lpc17xx_libcfg_default.o)

.debug_pubnames
                0x00000000      0x462
 *(.debug_pubnames)
 .debug_pubnames
                0x00000000       0x6b serial.o
 .debug_pubnames
                0x0000006b       0x4f /opt/york/cs/net/lpc1700-cmsis-lite-2011.01.26-i686-1/lib/system_LPC17xx.o
 .debug_pubnames
                0x000000ba       0x59 /opt/york/cs/net/lpc1700-cmsis-lite-2011.01.26-i686-1/lib/libDriversLPC17xxgnu.a(lpc17xx_pinsel.o)
 .debug_pubnames
                0x00000113      0x271 /opt/york/cs/net/lpc1700-cmsis-lite-2011.01.26-i686-1/lib/libDriversLPC17xxgnu.a(lpc17xx_uart.o)
 .debug_pubnames
                0x00000384       0xbb /opt/york/cs/net/lpc1700-cmsis-lite-2011.01.26-i686-1/lib/libDriversLPC17xxgnu.a(lpc17xx_clkpwr.o)
 .debug_pubnames
                0x0000043f       0x23 /opt/york/cs/net/lpc1700-cmsis-lite-2011.01.26-i686-1/lib/libDriversLPC17xxgnu.a(lpc17xx_libcfg_default.o)

.debug_info     0x00000000     0x28f5
 *(.debug_info .gnu.linkonce.wi.*)
 .debug_info    0x00000000      0x533 serial.o
 .debug_info    0x00000533       0x68 /opt/york/cs/net/lpc1700-cmsis-lite-2011.01.26-i686-1/lib/core_cm3.o
 .debug_info    0x0000059b      0x509 /opt/york/cs/net/lpc1700-cmsis-lite-2011.01.26-i686-1/lib/system_LPC17xx.o
 .debug_info    0x00000aa4       0xc1 /opt/york/cs/net/lpc1700-cmsis-lite-2011.01.26-i686-1/lib/startup_LPC17xx.o
 .debug_info    0x00000b65      0x4b5 /opt/york/cs/net/lpc1700-cmsis-lite-2011.01.26-i686-1/lib/libDriversLPC17xxgnu.a(lpc17xx_pinsel.o)
 .debug_info    0x0000101a     0x114d /opt/york/cs/net/lpc1700-cmsis-lite-2011.01.26-i686-1/lib/libDriversLPC17xxgnu.a(lpc17xx_uart.o)
 .debug_info    0x00002167      0x6c5 /opt/york/cs/net/lpc1700-cmsis-lite-2011.01.26-i686-1/lib/libDriversLPC17xxgnu.a(lpc17xx_clkpwr.o)
 .debug_info    0x0000282c       0xc9 /opt/york/cs/net/lpc1700-cmsis-lite-2011.01.26-i686-1/lib/libDriversLPC17xxgnu.a(lpc17xx_libcfg_default.o)

.debug_abbrev   0x00000000      0x7b0
 *(.debug_abbrev)
 .debug_abbrev  0x00000000      0x18c serial.o
 .debug_abbrev  0x0000018c       0x28 /opt/york/cs/net/lpc1700-cmsis-lite-2011.01.26-i686-1/lib/core_cm3.o
 .debug_abbrev  0x000001b4      0x102 /opt/york/cs/net/lpc1700-cmsis-lite-2011.01.26-i686-1/lib/system_LPC17xx.o
 .debug_abbrev  0x000002b6       0x12 /opt/york/cs/net/lpc1700-cmsis-lite-2011.01.26-i686-1/lib/startup_LPC17xx.o
 .debug_abbrev  0x000002c8      0x11d /opt/york/cs/net/lpc1700-cmsis-lite-2011.01.26-i686-1/lib/libDriversLPC17xxgnu.a(lpc17xx_pinsel.o)
 .debug_abbrev  0x000003e5      0x1ce /opt/york/cs/net/lpc1700-cmsis-lite-2011.01.26-i686-1/lib/libDriversLPC17xxgnu.a(lpc17xx_uart.o)
 .debug_abbrev  0x000005b3      0x195 /opt/york/cs/net/lpc1700-cmsis-lite-2011.01.26-i686-1/lib/libDriversLPC17xxgnu.a(lpc17xx_clkpwr.o)
 .debug_abbrev  0x00000748       0x68 /opt/york/cs/net/lpc1700-cmsis-lite-2011.01.26-i686-1/lib/libDriversLPC17xxgnu.a(lpc17xx_libcfg_default.o)

.debug_line     0x00000000     0x123b
 *(.debug_line)
 .debug_line    0x00000000      0x183 serial.o
 .debug_line    0x00000183       0x1d /opt/york/cs/net/lpc1700-cmsis-lite-2011.01.26-i686-1/lib/core_cm3.o
 .debug_line    0x000001a0      0x1e4 /opt/york/cs/net/lpc1700-cmsis-lite-2011.01.26-i686-1/lib/system_LPC17xx.o
 .debug_line    0x00000384       0xb1 /opt/york/cs/net/lpc1700-cmsis-lite-2011.01.26-i686-1/lib/startup_LPC17xx.o
 .debug_line    0x00000435      0x220 /opt/york/cs/net/lpc1700-cmsis-lite-2011.01.26-i686-1/lib/libDriversLPC17xxgnu.a(lpc17xx_pinsel.o)
 .debug_line    0x00000655      0x888 /opt/york/cs/net/lpc1700-cmsis-lite-2011.01.26-i686-1/lib/libDriversLPC17xxgnu.a(lpc17xx_uart.o)
 .debug_line    0x00000edd      0x29a /opt/york/cs/net/lpc1700-cmsis-lite-2011.01.26-i686-1/lib/libDriversLPC17xxgnu.a(lpc17xx_clkpwr.o)
 .debug_line    0x00001177       0xc4 /opt/york/cs/net/lpc1700-cmsis-lite-2011.01.26-i686-1/lib/libDriversLPC17xxgnu.a(lpc17xx_libcfg_default.o)

.debug_frame    0x00000000      0x6a4
 *(.debug_frame)
 .debug_frame   0x00000000       0x8c serial.o
 .debug_frame   0x0000008c       0x40 /opt/york/cs/net/lpc1700-cmsis-lite-2011.01.26-i686-1/lib/system_LPC17xx.o
 .debug_frame   0x000000cc       0x40 /opt/york/cs/net/sourcery-g++-lite-arm-eabi-2010.09.51-i686-1/arm-none-eabi/lib/thumb2/libcs3.a(start_c.o)
 .debug_frame   0x0000010c       0x2c /opt/york/cs/net/sourcery-g++-lite-arm-eabi-2010.09.51-i686-1/arm-none-eabi/lib/thumb2/libc.a(lib_a-init.o)
 .debug_frame   0x00000138       0xbc /opt/york/cs/net/lpc1700-cmsis-lite-2011.01.26-i686-1/lib/libDriversLPC17xxgnu.a(lpc17xx_pinsel.o)
 .debug_frame   0x000001f4      0x3a0 /opt/york/cs/net/lpc1700-cmsis-lite-2011.01.26-i686-1/lib/libDriversLPC17xxgnu.a(lpc17xx_uart.o)
 .debug_frame   0x00000594       0xe4 /opt/york/cs/net/lpc1700-cmsis-lite-2011.01.26-i686-1/lib/libDriversLPC17xxgnu.a(lpc17xx_clkpwr.o)
 .debug_frame   0x00000678       0x2c /opt/york/cs/net/lpc1700-cmsis-lite-2011.01.26-i686-1/lib/libDriversLPC17xxgnu.a(lpc17xx_libcfg_default.o)

.debug_str      0x00000000     0x10b7
 *(.debug_str)
 .debug_str     0x00000000      0x3bb serial.o
                                0x405 (size before relaxing)
 .debug_str     0x000003bb       0x42 /opt/york/cs/net/lpc1700-cmsis-lite-2011.01.26-i686-1/lib/core_cm3.o
                                 0xd2 (size before relaxing)
 .debug_str     0x000003fd      0x1d9 /opt/york/cs/net/lpc1700-cmsis-lite-2011.01.26-i686-1/lib/system_LPC17xx.o
                                0x2d5 (size before relaxing)
 .debug_str     0x000005d6      0x235 /opt/york/cs/net/lpc1700-cmsis-lite-2011.01.26-i686-1/lib/libDriversLPC17xxgnu.a(lpc17xx_pinsel.o)
                                0x359 (size before relaxing)
 .debug_str     0x0000080b      0x7b8 /opt/york/cs/net/lpc1700-cmsis-lite-2011.01.26-i686-1/lib/libDriversLPC17xxgnu.a(lpc17xx_uart.o)
                                0xb32 (size before relaxing)
 .debug_str     0x00000fc3       0xc4 /opt/york/cs/net/lpc1700-cmsis-lite-2011.01.26-i686-1/lib/libDriversLPC17xxgnu.a(lpc17xx_clkpwr.o)
                                0x380 (size before relaxing)
 .debug_str     0x00001087       0x30 /opt/york/cs/net/lpc1700-cmsis-lite-2011.01.26-i686-1/lib/libDriversLPC17xxgnu.a(lpc17xx_libcfg_default.o)
                                0x107 (size before relaxing)

.debug_loc      0x00000000      0xa9e
 *(.debug_loc)
 .debug_loc     0x00000000       0xd4 serial.o
 .debug_loc     0x000000d4       0x58 /opt/york/cs/net/lpc1700-cmsis-lite-2011.01.26-i686-1/lib/system_LPC17xx.o
 .debug_loc     0x0000012c      0x150 /opt/york/cs/net/lpc1700-cmsis-lite-2011.01.26-i686-1/lib/libDriversLPC17xxgnu.a(lpc17xx_pinsel.o)
 .debug_loc     0x0000027c      0x65a /opt/york/cs/net/lpc1700-cmsis-lite-2011.01.26-i686-1/lib/libDriversLPC17xxgnu.a(lpc17xx_uart.o)
 .debug_loc     0x000008d6      0x190 /opt/york/cs/net/lpc1700-cmsis-lite-2011.01.26-i686-1/lib/libDriversLPC17xxgnu.a(lpc17xx_clkpwr.o)
 .debug_loc     0x00000a66       0x38 /opt/york/cs/net/lpc1700-cmsis-lite-2011.01.26-i686-1/lib/libDriversLPC17xxgnu.a(lpc17xx_libcfg_default.o)

.debug_macinfo
 *(.debug_macinfo)

.debug_weaknames
 *(.debug_weaknames)

.debug_funcnames
 *(.debug_funcnames)

.debug_typenames
 *(.debug_typenames)

.debug_varnames
 *(.debug_varnames)

.note.gnu.arm.ident
 *(.note.gnu.arm.ident)

.ARM.attributes
                0x00000000       0x25
 *(.ARM.attributes)
 .ARM.attributes
                0x00000000       0x19 /opt/york/cs/net/sourcery-g++-lite-arm-eabi-2010.09.51-i686-1/bin/../lib/gcc/arm-none-eabi/4.5.1/thumb2/crti.o
 .ARM.attributes
                0x00000019       0x29 /opt/york/cs/net/sourcery-g++-lite-arm-eabi-2010.09.51-i686-1/bin/../lib/gcc/arm-none-eabi/4.5.1/thumb2/crtbegin.o
 .ARM.attributes
                0x00000042       0x31 serial.o
 .ARM.attributes
                0x00000073       0x31 /opt/york/cs/net/lpc1700-cmsis-lite-2011.01.26-i686-1/lib/core_cm3.o
 .ARM.attributes
                0x000000a4       0x31 /opt/york/cs/net/lpc1700-cmsis-lite-2011.01.26-i686-1/lib/system_LPC17xx.o
 .ARM.attributes
                0x000000d5       0x21 /opt/york/cs/net/lpc1700-cmsis-lite-2011.01.26-i686-1/lib/startup_LPC17xx.o
 .ARM.attributes
                0x000000f6       0x29 /opt/york/cs/net/sourcery-g++-lite-arm-eabi-2010.09.51-i686-1/arm-none-eabi/lib/thumb2/libcs3.a(start_c.o)
 .ARM.attributes
                0x0000011f       0x19 /opt/york/cs/net/sourcery-g++-lite-arm-eabi-2010.09.51-i686-1/arm-none-eabi/lib/thumb2/libcs3unhosted.a(unhosted-start.o)
 .ARM.attributes
                0x00000138       0x29 /opt/york/cs/net/sourcery-g++-lite-arm-eabi-2010.09.51-i686-1/arm-none-eabi/lib/thumb2/libc.a(lib_a-init.o)
 .ARM.attributes
                0x00000161       0x31 /opt/york/cs/net/lpc1700-cmsis-lite-2011.01.26-i686-1/lib/libDriversLPC17xxgnu.a(lpc17xx_pinsel.o)
 .ARM.attributes
                0x00000192       0x31 /opt/york/cs/net/lpc1700-cmsis-lite-2011.01.26-i686-1/lib/libDriversLPC17xxgnu.a(lpc17xx_uart.o)
 .ARM.attributes
                0x000001c3       0x31 /opt/york/cs/net/lpc1700-cmsis-lite-2011.01.26-i686-1/lib/libDriversLPC17xxgnu.a(lpc17xx_clkpwr.o)
 .ARM.attributes
                0x000001f4       0x31 /opt/york/cs/net/lpc1700-cmsis-lite-2011.01.26-i686-1/lib/libDriversLPC17xxgnu.a(lpc17xx_libcfg_default.o)
 .ARM.attributes
                0x00000225       0x29 /opt/york/cs/net/sourcery-g++-lite-arm-eabi-2010.09.51-i686-1/bin/../lib/gcc/arm-none-eabi/4.5.1/thumb2/crtend.o
 .ARM.attributes
                0x0000024e       0x19 /opt/york/cs/net/sourcery-g++-lite-arm-eabi-2010.09.51-i686-1/bin/../lib/gcc/arm-none-eabi/4.5.1/thumb2/crtn.o

/DISCARD/
 *(.note.GNU-stack)
LOAD /opt/york/cs/net/lpc1700-cmsis-lite-2011.01.26-i686-1/lib/libDriversLPC17xxgnu.a
START GROUP
LOAD /opt/york/cs/net/sourcery-g++-lite-arm-eabi-2010.09.51-i686-1/bin/../lib/gcc/arm-none-eabi/4.5.1/thumb2/libgcc.a
LOAD /opt/york/cs/net/sourcery-g++-lite-arm-eabi-2010.09.51-i686-1/arm-none-eabi/lib/thumb2/libc.a
END GROUP
LOAD /opt/york/cs/net/sourcery-g++-lite-arm-eabi-2010.09.51-i686-1/bin/../lib/gcc/arm-none-eabi/4.5.1/thumb2/crtend.o
LOAD /opt/york/cs/net/sourcery-g++-lite-arm-eabi-2010.09.51-i686-1/bin/../lib/gcc/arm-none-eabi/4.5.1/thumb2/crtn.o
OUTPUT(bin/serial elf32-littlearm)

.debug_pubtypes
                0x00000000      0x491
 .debug_pubtypes
                0x00000000       0xf7 serial.o
 .debug_pubtypes
                0x000000f7       0x12 /opt/york/cs/net/lpc1700-cmsis-lite-2011.01.26-i686-1/lib/core_cm3.o
 .debug_pubtypes
                0x00000109       0x57 /opt/york/cs/net/lpc1700-cmsis-lite-2011.01.26-i686-1/lib/system_LPC17xx.o
 .debug_pubtypes
                0x00000160       0x76 /opt/york/cs/net/lpc1700-cmsis-lite-2011.01.26-i686-1/lib/libDriversLPC17xxgnu.a(lpc17xx_pinsel.o)
 .debug_pubtypes
                0x000001d6      0x225 /opt/york/cs/net/lpc1700-cmsis-lite-2011.01.26-i686-1/lib/libDriversLPC17xxgnu.a(lpc17xx_uart.o)
 .debug_pubtypes
                0x000003fb       0x6b /opt/york/cs/net/lpc1700-cmsis-lite-2011.01.26-i686-1/lib/libDriversLPC17xxgnu.a(lpc17xx_clkpwr.o)
 .debug_pubtypes
                0x00000466       0x2b /opt/york/cs/net/lpc1700-cmsis-lite-2011.01.26-i686-1/lib/libDriversLPC17xxgnu.a(lpc17xx_libcfg_default.o)

.debug_ranges   0x00000000      0x1e0
 .debug_ranges  0x00000000       0x28 serial.o
 .debug_ranges  0x00000028       0x18 /opt/york/cs/net/lpc1700-cmsis-lite-2011.01.26-i686-1/lib/system_LPC17xx.o
 .debug_ranges  0x00000040       0x20 /opt/york/cs/net/lpc1700-cmsis-lite-2011.01.26-i686-1/lib/startup_LPC17xx.o
 .debug_ranges  0x00000060       0x38 /opt/york/cs/net/lpc1700-cmsis-lite-2011.01.26-i686-1/lib/libDriversLPC17xxgnu.a(lpc17xx_pinsel.o)
 .debug_ranges  0x00000098       0xf0 /opt/york/cs/net/lpc1700-cmsis-lite-2011.01.26-i686-1/lib/libDriversLPC17xxgnu.a(lpc17xx_uart.o)
 .debug_ranges  0x00000188       0x48 /opt/york/cs/net/lpc1700-cmsis-lite-2011.01.26-i686-1/lib/libDriversLPC17xxgnu.a(lpc17xx_clkpwr.o)
 .debug_ranges  0x000001d0       0x10 /opt/york/cs/net/lpc1700-cmsis-lite-2011.01.26-i686-1/lib/libDriversLPC17xxgnu.a(lpc17xx_libcfg_default.o)
