Archive member included because of file (symbol)

/opt/york/cs/net/sourcery-g++-lite-arm-eabi-2010.09.51-i686-1/arm-none-eabi/lib/thumb2/libcs3.a(start_c.o)
                              (__cs3_start_c)
/opt/york/cs/net/sourcery-g++-lite-arm-eabi-2010.09.51-i686-1/arm-none-eabi/lib/thumb2/libcs3unhosted.a(unhosted-start.o)
                              /opt/york/cs/net/lpc1700-cmsis-lite-2011.01.26-i686-1/lib/startup_LPC17xx.o (_start)
/opt/york/cs/net/sourcery-g++-lite-arm-eabi-2010.09.51-i686-1/arm-none-eabi/lib/thumb2/libc.a(lib_a-init.o)
                              /opt/york/cs/net/sourcery-g++-lite-arm-eabi-2010.09.51-i686-1/arm-none-eabi/lib/thumb2/libcs3.a(start_c.o) (__libc_init_array)
/opt/york/cs/net/lpc1700-cmsis-lite-2011.01.26-i686-1/lib/libDriversLPC17xxgnu.a(lpc17xx_gpio.o)
                              led.o (GPIO_SetDir)

Memory Configuration

Name             Origin             Length             Attributes
rom              0x00000000         0x00080000         xr
ram              0x10000000         0x00008000         xrw
ram1             0x2007c000         0x00004000         xrw
ram2             0x20080000         0x00004000         xrw
*default*        0x00000000         0xffffffff

Linker script and memory map

LOAD /opt/york/cs/net/sourcery-g++-lite-arm-eabi-2010.09.51-i686-1/bin/../lib/gcc/arm-none-eabi/4.5.1/thumb2/crti.o
LOAD /opt/york/cs/net/sourcery-g++-lite-arm-eabi-2010.09.51-i686-1/bin/../lib/gcc/arm-none-eabi/4.5.1/thumb2/crtbegin.o
LOAD led.o
LOAD /opt/york/cs/net/lpc1700-cmsis-lite-2011.01.26-i686-1/lib/core_cm3.o
LOAD /opt/york/cs/net/lpc1700-cmsis-lite-2011.01.26-i686-1/lib/system_LPC17xx.o
LOAD /opt/york/cs/net/lpc1700-cmsis-lite-2011.01.26-i686-1/lib/startup_LPC17xx.o
START GROUP
LOAD /opt/york/cs/net/sourcery-g++-lite-arm-eabi-2010.09.51-i686-1/arm-none-eabi/lib/thumb2/libc.a
LOAD /opt/york/cs/net/sourcery-g++-lite-arm-eabi-2010.09.51-i686-1/arm-none-eabi/lib/thumb2/libg.a
LOAD /opt/york/cs/net/sourcery-g++-lite-arm-eabi-2010.09.51-i686-1/arm-none-eabi/lib/thumb2/libstdc++.a
LOAD /opt/york/cs/net/sourcery-g++-lite-arm-eabi-2010.09.51-i686-1/arm-none-eabi/lib/thumb2/libsupc++.a
LOAD /opt/york/cs/net/sourcery-g++-lite-arm-eabi-2010.09.51-i686-1/bin/../lib/gcc/arm-none-eabi/4.5.1/thumb2/libgcc.a
LOAD /opt/york/cs/net/sourcery-g++-lite-arm-eabi-2010.09.51-i686-1/arm-none-eabi/lib/thumb2/libm.a
END GROUP
START GROUP
LOAD /opt/york/cs/net/sourcery-g++-lite-arm-eabi-2010.09.51-i686-1/bin/../lib/gcc/arm-none-eabi/4.5.1/thumb2/libgcc.a
LOAD /opt/york/cs/net/sourcery-g++-lite-arm-eabi-2010.09.51-i686-1/arm-none-eabi/lib/thumb2/libc.a
LOAD /opt/york/cs/net/sourcery-g++-lite-arm-eabi-2010.09.51-i686-1/arm-none-eabi/lib/thumb2/libcs3.a
LOAD /opt/york/cs/net/sourcery-g++-lite-arm-eabi-2010.09.51-i686-1/arm-none-eabi/lib/thumb2/libcs3unhosted.a
LOAD /opt/york/cs/net/sourcery-g++-lite-arm-eabi-2010.09.51-i686-1/arm-none-eabi/lib/thumb2/libcs3micro.a
END GROUP
                0x10008000                PROVIDE (__cs3_stack, (__cs3_region_start_ram + __cs3_region_size_ram))
                0x00007fe8                PROVIDE (__cs3_stack_size, ((__cs3_region_start_ram + __cs3_region_size_ram) - _end))
                0x10000018                PROVIDE (__cs3_heap_start, _end)
                0x10008000                PROVIDE (__cs3_heap_end, (__cs3_region_start_ram + __cs3_region_size_ram))

.text           0x00000000     0x1044
 CREATE_OBJECT_SYMBOLS
                0x00000000                __cs3_region_start_rom = .
 *(.cs3.region-head.rom)
                0x00000000                __cs3_interrupt_vector = __cs3_interrupt_vector_cortex_m
 *(.cs3.interrupt_vector)
 .cs3.interrupt_vector
                0x00000000       0xcc /opt/york/cs/net/lpc1700-cmsis-lite-2011.01.26-i686-1/lib/startup_LPC17xx.o
                0x00000000                __cs3_interrupt_vector_cortex_m
                0x00000001                ASSERT ((. != __cs3_interrupt_vector_cortex_m), No interrupt vector)
 *(.rom)
 *(.rom.b)
                0x000000cc                __cs3_reset = __cs3_reset_cortex_m
 *(.cs3.reset)
 .cs3.reset     0x000000cc       0x10 /opt/york/cs/net/lpc1700-cmsis-lite-2011.01.26-i686-1/lib/startup_LPC17xx.o
                0x000000cc                __cs3_reset_cortex_m
                0x00000001                ASSERT ((. != __cs3_reset), No reset code)
 *(.text .text.* .gnu.linkonce.t.*)
 .text          0x000000dc        0x0 /opt/york/cs/net/sourcery-g++-lite-arm-eabi-2010.09.51-i686-1/bin/../lib/gcc/arm-none-eabi/4.5.1/thumb2/crti.o
 .text          0x000000dc       0x30 /opt/york/cs/net/sourcery-g++-lite-arm-eabi-2010.09.51-i686-1/bin/../lib/gcc/arm-none-eabi/4.5.1/thumb2/crtbegin.o
 .text          0x0000010c        0x0 led.o
 .text.main     0x0000010c       0x50 led.o
                0x0000010c                main
 .text.delay    0x0000015c       0x30 led.o
                0x0000015c                delay
 .text.ledNumber
                0x0000018c       0x60 led.o
                0x0000018c                ledNumber
 .text          0x000001ec        0x0 /opt/york/cs/net/lpc1700-cmsis-lite-2011.01.26-i686-1/lib/core_cm3.o
 .text          0x000001ec        0x0 /opt/york/cs/net/lpc1700-cmsis-lite-2011.01.26-i686-1/lib/system_LPC17xx.o
 .text.SystemCoreClockUpdate
                0x000001ec      0x228 /opt/york/cs/net/lpc1700-cmsis-lite-2011.01.26-i686-1/lib/system_LPC17xx.o
                0x000001ec                SystemCoreClockUpdate
 .text.SystemInit
                0x00000414      0x240 /opt/york/cs/net/lpc1700-cmsis-lite-2011.01.26-i686-1/lib/system_LPC17xx.o
                0x00000414                SystemInit
 .text          0x00000654       0x14 /opt/york/cs/net/lpc1700-cmsis-lite-2011.01.26-i686-1/lib/startup_LPC17xx.o
                0x00000654                NMI_Handler
                0x00000656                HardFault_Handler
                0x00000658                MemManage_Handler
                0x0000065a                BusFault_Handler
                0x0000065c                UsageFault_Handler
                0x0000065e                SVC_Handler
                0x00000660                DebugMon_Handler
                0x00000662                PendSV_Handler
                0x00000664                SysTick_Handler
                0x00000666                TIMER2_IRQHandler
                0x00000666                RIT_IRQHandler
                0x00000666                I2C0_IRQHandler
                0x00000666                USBActivity_IRQHandler
                0x00000666                PWM1_IRQHandler
                0x00000666                I2C1_IRQHandler
                0x00000666                EINT2_IRQHandler
                0x00000666                UART1_IRQHandler
                0x00000666                EINT3_IRQHandler
                0x00000666                CANActivity_IRQHandler
                0x00000666                TIMER3_IRQHandler
                0x00000666                UART0_IRQHandler
                0x00000666                PLL0_IRQHandler
                0x00000666                CAN_IRQHandler
                0x00000666                PLL1_IRQHandler
                0x00000666                SSP0_IRQHandler
                0x00000666                I2S_IRQHandler
                0x00000666                I2C2_IRQHandler
                0x00000666                RTC_IRQHandler
                0x00000666                TIMER0_IRQHandler
                0x00000666                SPI_IRQHandler
                0x00000666                EINT1_IRQHandler
                0x00000666                TIMER1_IRQHandler
                0x00000666                UART2_IRQHandler
                0x00000666                Default_Handler
                0x00000666                ADC_IRQHandler
                0x00000666                SSP1_IRQHandler
                0x00000666                USB_IRQHandler
                0x00000666                BOD_IRQHandler
                0x00000666                WDT_IRQHandler
                0x00000666                QEI_IRQHandler
                0x00000666                EINT0_IRQHandler
                0x00000666                DMA_IRQHandler
                0x00000666                UART3_IRQHandler
                0x00000666                MCPWM_IRQHandler
                0x00000666                ENET_IRQHandler
 .text          0x00000668       0x30 /opt/york/cs/net/sourcery-g++-lite-arm-eabi-2010.09.51-i686-1/arm-none-eabi/lib/thumb2/libcs3.a(start_c.o)
                0x00000668                __cs3_premain
 .text.cs3.init
                0x00000698       0x50 /opt/york/cs/net/sourcery-g++-lite-arm-eabi-2010.09.51-i686-1/arm-none-eabi/lib/thumb2/libcs3.a(start_c.o)
                0x00000698                __cs3_start_c
 .text          0x000006e8        0x0 /opt/york/cs/net/sourcery-g++-lite-arm-eabi-2010.09.51-i686-1/arm-none-eabi/lib/thumb2/libcs3unhosted.a(unhosted-start.o)
 .text.cs3.init
                0x000006e8       0x10 /opt/york/cs/net/sourcery-g++-lite-arm-eabi-2010.09.51-i686-1/arm-none-eabi/lib/thumb2/libcs3unhosted.a(unhosted-start.o)
                0x000006e8                _start
 .text          0x000006f8       0x50 /opt/york/cs/net/sourcery-g++-lite-arm-eabi-2010.09.51-i686-1/arm-none-eabi/lib/thumb2/libc.a(lib_a-init.o)
                0x000006f8                __libc_init_array
 .text          0x00000748        0x0 /opt/york/cs/net/lpc1700-cmsis-lite-2011.01.26-i686-1/lib/libDriversLPC17xxgnu.a(lpc17xx_gpio.o)
 .text.GPIO_GetPointer
                0x00000748       0x7c /opt/york/cs/net/lpc1700-cmsis-lite-2011.01.26-i686-1/lib/libDriversLPC17xxgnu.a(lpc17xx_gpio.o)
 .text.FIO_HalfWordGetPointer
                0x000007c4       0x7c /opt/york/cs/net/lpc1700-cmsis-lite-2011.01.26-i686-1/lib/libDriversLPC17xxgnu.a(lpc17xx_gpio.o)
 .text.FIO_ByteGetPointer
                0x00000840       0x7c /opt/york/cs/net/lpc1700-cmsis-lite-2011.01.26-i686-1/lib/libDriversLPC17xxgnu.a(lpc17xx_gpio.o)
 .text.GPIO_SetDir
                0x000008bc       0x50 /opt/york/cs/net/lpc1700-cmsis-lite-2011.01.26-i686-1/lib/libDriversLPC17xxgnu.a(lpc17xx_gpio.o)
                0x000008bc                GPIO_SetDir
 .text.GPIO_SetValue
                0x0000090c       0x2c /opt/york/cs/net/lpc1700-cmsis-lite-2011.01.26-i686-1/lib/libDriversLPC17xxgnu.a(lpc17xx_gpio.o)
                0x0000090c                GPIO_SetValue
 .text.GPIO_ClearValue
                0x00000938       0x2c /opt/york/cs/net/lpc1700-cmsis-lite-2011.01.26-i686-1/lib/libDriversLPC17xxgnu.a(lpc17xx_gpio.o)
                0x00000938                GPIO_ClearValue
 .text.GPIO_ReadValue
                0x00000964       0x30 /opt/york/cs/net/lpc1700-cmsis-lite-2011.01.26-i686-1/lib/libDriversLPC17xxgnu.a(lpc17xx_gpio.o)
                0x00000964                GPIO_ReadValue
 .text.GPIO_IntCmd
                0x00000994       0x84 /opt/york/cs/net/lpc1700-cmsis-lite-2011.01.26-i686-1/lib/libDriversLPC17xxgnu.a(lpc17xx_gpio.o)
                0x00000994                GPIO_IntCmd
 .text.GPIO_GetIntStatus
                0x00000a18       0xc0 /opt/york/cs/net/lpc1700-cmsis-lite-2011.01.26-i686-1/lib/libDriversLPC17xxgnu.a(lpc17xx_gpio.o)
                0x00000a18                GPIO_GetIntStatus
 .text.GPIO_ClearInt
                0x00000ad8       0x40 /opt/york/cs/net/lpc1700-cmsis-lite-2011.01.26-i686-1/lib/libDriversLPC17xxgnu.a(lpc17xx_gpio.o)
                0x00000ad8                GPIO_ClearInt
 .text.FIO_SetDir
                0x00000b18       0x28 /opt/york/cs/net/lpc1700-cmsis-lite-2011.01.26-i686-1/lib/libDriversLPC17xxgnu.a(lpc17xx_gpio.o)
                0x00000b18                FIO_SetDir
 .text.FIO_SetValue
                0x00000b40       0x20 /opt/york/cs/net/lpc1700-cmsis-lite-2011.01.26-i686-1/lib/libDriversLPC17xxgnu.a(lpc17xx_gpio.o)
                0x00000b40                FIO_SetValue
 .text.FIO_ClearValue
                0x00000b60       0x20 /opt/york/cs/net/lpc1700-cmsis-lite-2011.01.26-i686-1/lib/libDriversLPC17xxgnu.a(lpc17xx_gpio.o)
                0x00000b60                FIO_ClearValue
 .text.FIO_ReadValue
                0x00000b80       0x20 /opt/york/cs/net/lpc1700-cmsis-lite-2011.01.26-i686-1/lib/libDriversLPC17xxgnu.a(lpc17xx_gpio.o)
                0x00000b80                FIO_ReadValue
 .text.FIO_IntCmd
                0x00000ba0       0x28 /opt/york/cs/net/lpc1700-cmsis-lite-2011.01.26-i686-1/lib/libDriversLPC17xxgnu.a(lpc17xx_gpio.o)
                0x00000ba0                FIO_IntCmd
 .text.FIO_GetIntStatus
                0x00000bc8       0x2c /opt/york/cs/net/lpc1700-cmsis-lite-2011.01.26-i686-1/lib/libDriversLPC17xxgnu.a(lpc17xx_gpio.o)
                0x00000bc8                FIO_GetIntStatus
 .text.FIO_ClearInt
                0x00000bf4       0x20 /opt/york/cs/net/lpc1700-cmsis-lite-2011.01.26-i686-1/lib/libDriversLPC17xxgnu.a(lpc17xx_gpio.o)
                0x00000bf4                FIO_ClearInt
 .text.FIO_SetMask
                0x00000c14       0x50 /opt/york/cs/net/lpc1700-cmsis-lite-2011.01.26-i686-1/lib/libDriversLPC17xxgnu.a(lpc17xx_gpio.o)
                0x00000c14                FIO_SetMask
 .text.FIO_HalfWordSetDir
                0x00000c64       0x9c /opt/york/cs/net/lpc1700-cmsis-lite-2011.01.26-i686-1/lib/libDriversLPC17xxgnu.a(lpc17xx_gpio.o)
                0x00000c64                FIO_HalfWordSetDir
 .text.FIO_HalfWordSetMask
                0x00000d00       0x9c /opt/york/cs/net/lpc1700-cmsis-lite-2011.01.26-i686-1/lib/libDriversLPC17xxgnu.a(lpc17xx_gpio.o)
                0x00000d00                FIO_HalfWordSetMask
 .text.FIO_HalfWordSetValue
                0x00000d9c       0x40 /opt/york/cs/net/lpc1700-cmsis-lite-2011.01.26-i686-1/lib/libDriversLPC17xxgnu.a(lpc17xx_gpio.o)
                0x00000d9c                FIO_HalfWordSetValue
 .text.FIO_HalfWordClearValue
                0x00000ddc       0x40 /opt/york/cs/net/lpc1700-cmsis-lite-2011.01.26-i686-1/lib/libDriversLPC17xxgnu.a(lpc17xx_gpio.o)
                0x00000ddc                FIO_HalfWordClearValue
 .text.FIO_HalfWordReadValue
                0x00000e1c       0x44 /opt/york/cs/net/lpc1700-cmsis-lite-2011.01.26-i686-1/lib/libDriversLPC17xxgnu.a(lpc17xx_gpio.o)
                0x00000e1c                FIO_HalfWordReadValue
 .text.FIO_ByteSetDir
                0x00000e60       0x70 /opt/york/cs/net/lpc1700-cmsis-lite-2011.01.26-i686-1/lib/libDriversLPC17xxgnu.a(lpc17xx_gpio.o)
                0x00000e60                FIO_ByteSetDir
 .text.FIO_ByteSetMask
                0x00000ed0       0x78 /opt/york/cs/net/lpc1700-cmsis-lite-2011.01.26-i686-1/lib/libDriversLPC17xxgnu.a(lpc17xx_gpio.o)
                0x00000ed0                FIO_ByteSetMask
 .text.FIO_ByteSetValue
                0x00000f48       0x3c /opt/york/cs/net/lpc1700-cmsis-lite-2011.01.26-i686-1/lib/libDriversLPC17xxgnu.a(lpc17xx_gpio.o)
                0x00000f48                FIO_ByteSetValue
 .text.FIO_ByteClearValue
                0x00000f84       0x3c /opt/york/cs/net/lpc1700-cmsis-lite-2011.01.26-i686-1/lib/libDriversLPC17xxgnu.a(lpc17xx_gpio.o)
                0x00000f84                FIO_ByteClearValue
 .text.FIO_ByteReadValue
                0x00000fc0       0x40 /opt/york/cs/net/lpc1700-cmsis-lite-2011.01.26-i686-1/lib/libDriversLPC17xxgnu.a(lpc17xx_gpio.o)
                0x00000fc0                FIO_ByteReadValue
 .text          0x00001000        0x0 /opt/york/cs/net/sourcery-g++-lite-arm-eabi-2010.09.51-i686-1/bin/../lib/gcc/arm-none-eabi/4.5.1/thumb2/crtend.o
 .text          0x00001000        0x0 /opt/york/cs/net/sourcery-g++-lite-arm-eabi-2010.09.51-i686-1/bin/../lib/gcc/arm-none-eabi/4.5.1/thumb2/crtn.o
 *(.plt)
 *(.gnu.warning)
 *(.glue_7t)
 .glue_7t       0x00000000        0x0 linker stubs
 *(.glue_7)
 .glue_7        0x00000000        0x0 linker stubs
 *(.vfp11_veneer)
 .vfp11_veneer  0x00000000        0x0 linker stubs
 *(.rodata .rodata.* .gnu.linkonce.r.*)
 .rodata.LEDS   0x00001000       0x10 led.o
                0x00001000                LEDS
 *(.ARM.extab* .gnu.linkonce.armextab.*)
 .ARM.extab.cs3.reset
                0x00001010        0x0 /opt/york/cs/net/lpc1700-cmsis-lite-2011.01.26-i686-1/lib/startup_LPC17xx.o
 *(.gcc_except_table)
 *(.eh_frame_hdr)
 *(.eh_frame)
                0x00001010                . = ALIGN (0x4)
 *(.init)
 .init          0x00001010        0x4 /opt/york/cs/net/sourcery-g++-lite-arm-eabi-2010.09.51-i686-1/bin/../lib/gcc/arm-none-eabi/4.5.1/thumb2/crti.o
                0x00001010                _init
 .init          0x00001014        0x8 /opt/york/cs/net/sourcery-g++-lite-arm-eabi-2010.09.51-i686-1/bin/../lib/gcc/arm-none-eabi/4.5.1/thumb2/crtn.o
                0x0000101c                . = ALIGN (0x4)
                0x0000101c                __preinit_array_start = .
 *(.preinit_array)
                0x0000101c                __preinit_array_end = .
                0x0000101c                . = ALIGN (0x4)
                0x0000101c                __init_array_start = .
 *(SORT(.init_array.*))
 *(.init_array)
 .init_array    0x0000101c        0x4 /opt/york/cs/net/sourcery-g++-lite-arm-eabi-2010.09.51-i686-1/bin/../lib/gcc/arm-none-eabi/4.5.1/thumb2/crtbegin.o
                0x00001020                __init_array_end = .
                0x00001020                . = ALIGN (0x4)
 *crtbegin.o(.ctors)
 *(EXCLUDE_FILE(*crtend.o) .ctors)
 *(SORT(.ctors.*))
 *crtend.o(.ctors)
                0x00001020                . = ALIGN (0x4)
 *(.fini)
 .fini          0x00001020        0x4 /opt/york/cs/net/sourcery-g++-lite-arm-eabi-2010.09.51-i686-1/bin/../lib/gcc/arm-none-eabi/4.5.1/thumb2/crti.o
                0x00001020                _fini
 .fini          0x00001024        0x8 /opt/york/cs/net/sourcery-g++-lite-arm-eabi-2010.09.51-i686-1/bin/../lib/gcc/arm-none-eabi/4.5.1/thumb2/crtn.o
                0x0000102c                . = ALIGN (0x4)
                0x0000102c                __fini_array_start = .
 *(.fini_array)
 .fini_array    0x0000102c        0x4 /opt/york/cs/net/sourcery-g++-lite-arm-eabi-2010.09.51-i686-1/bin/../lib/gcc/arm-none-eabi/4.5.1/thumb2/crtbegin.o
 *(SORT(.fini_array.*))
                0x00001030                __fini_array_end = .
 *crtbegin.o(.dtors)
 *(EXCLUDE_FILE(*crtend.o) .dtors)
 *(SORT(.dtors.*))
 *crtend.o(.dtors)
                0x00001030                . = ALIGN (0x4)
                0x00001030                __cs3_regions = .
                0x00001030        0x4 LONG 0x0
                0x00001034        0x4 LONG 0x1050 __cs3_region_init_ram
                0x00001038        0x4 LONG 0x10000000 __cs3_region_start_ram
                0x0000103c        0x4 LONG 0x10 __cs3_region_init_size_ram
                0x00001040        0x4 LONG 0x8 __cs3_region_zero_size_ram
                0x00001044                __exidx_start = .

.v4_bx          0x00001044        0x0
 .v4_bx         0x00000000        0x0 linker stubs

.ARM.exidx      0x00001044        0x8
 *(.ARM.exidx* .gnu.linkonce.armexidx.*)
 .ARM.exidx.cs3.reset
                0x00001044        0x8 /opt/york/cs/net/lpc1700-cmsis-lite-2011.01.26-i686-1/lib/startup_LPC17xx.o
                0x0000104c                __exidx_end = .

.text.align     0x0000104c        0x4
                0x00001050                . = ALIGN (0x8)
 *fill*         0x0000104c        0x4 00
                0x00001050                _etext = .
                0x00080000                __cs3_region_size_rom = 0x80000
                0x00000001                __cs3_region_num = 0x1

.data           0x10000000       0x10 load address 0x00001050
                0x10000000                __cs3_region_start_ram = .
 *(.cs3.region-head.ram)
 *(.jcr)
 .jcr           0x10000000        0x0 /opt/york/cs/net/sourcery-g++-lite-arm-eabi-2010.09.51-i686-1/bin/../lib/gcc/arm-none-eabi/4.5.1/thumb2/crtbegin.o
 .jcr           0x10000000        0x4 /opt/york/cs/net/sourcery-g++-lite-arm-eabi-2010.09.51-i686-1/bin/../lib/gcc/arm-none-eabi/4.5.1/thumb2/crtend.o
 *(.got.plt)
 *(.got)
 *(.shdata)
 *(.data .data.* .gnu.linkonce.d.*)
 .data          0x10000004        0x0 /opt/york/cs/net/sourcery-g++-lite-arm-eabi-2010.09.51-i686-1/bin/../lib/gcc/arm-none-eabi/4.5.1/thumb2/crti.o
 .data          0x10000004        0x4 /opt/york/cs/net/sourcery-g++-lite-arm-eabi-2010.09.51-i686-1/bin/../lib/gcc/arm-none-eabi/4.5.1/thumb2/crtbegin.o
                0x10000004                __dso_handle
 .data          0x10000008        0x0 led.o
 .data          0x10000008        0x0 /opt/york/cs/net/lpc1700-cmsis-lite-2011.01.26-i686-1/lib/core_cm3.o
 .data          0x10000008        0x0 /opt/york/cs/net/lpc1700-cmsis-lite-2011.01.26-i686-1/lib/system_LPC17xx.o
 .data.SystemCoreClock
                0x10000008        0x4 /opt/york/cs/net/lpc1700-cmsis-lite-2011.01.26-i686-1/lib/system_LPC17xx.o
                0x10000008                SystemCoreClock
 .data          0x1000000c        0x0 /opt/york/cs/net/lpc1700-cmsis-lite-2011.01.26-i686-1/lib/startup_LPC17xx.o
 .data          0x1000000c        0x0 /opt/york/cs/net/sourcery-g++-lite-arm-eabi-2010.09.51-i686-1/arm-none-eabi/lib/thumb2/libcs3.a(start_c.o)
 .data          0x1000000c        0x0 /opt/york/cs/net/sourcery-g++-lite-arm-eabi-2010.09.51-i686-1/arm-none-eabi/lib/thumb2/libcs3unhosted.a(unhosted-start.o)
 .data          0x1000000c        0x0 /opt/york/cs/net/sourcery-g++-lite-arm-eabi-2010.09.51-i686-1/arm-none-eabi/lib/thumb2/libc.a(lib_a-init.o)
 .data          0x1000000c        0x0 /opt/york/cs/net/lpc1700-cmsis-lite-2011.01.26-i686-1/lib/libDriversLPC17xxgnu.a(lpc17xx_gpio.o)
 .data          0x1000000c        0x0 /opt/york/cs/net/sourcery-g++-lite-arm-eabi-2010.09.51-i686-1/bin/../lib/gcc/arm-none-eabi/4.5.1/thumb2/crtend.o
 .data          0x1000000c        0x0 /opt/york/cs/net/sourcery-g++-lite-arm-eabi-2010.09.51-i686-1/bin/../lib/gcc/arm-none-eabi/4.5.1/thumb2/crtn.o
 *(.ram)
                0x10000010                . = ALIGN (0x8)
 *fill*         0x1000000c        0x4 00
                0x10000010                _edata = .

.bss            0x10000010        0x8 load address 0x00001060
 *(.shbss)
 *(.bss .bss.* .gnu.linkonce.b.*)
 .bss           0x10000010        0x0 /opt/york/cs/net/sourcery-g++-lite-arm-eabi-2010.09.51-i686-1/bin/../lib/gcc/arm-none-eabi/4.5.1/thumb2/crti.o
 .bss           0x10000010        0x1 /opt/york/cs/net/sourcery-g++-lite-arm-eabi-2010.09.51-i686-1/bin/../lib/gcc/arm-none-eabi/4.5.1/thumb2/crtbegin.o
 .bss           0x10000011        0x0 led.o
 .bss           0x10000011        0x0 /opt/york/cs/net/lpc1700-cmsis-lite-2011.01.26-i686-1/lib/core_cm3.o
 .bss           0x10000011        0x0 /opt/york/cs/net/lpc1700-cmsis-lite-2011.01.26-i686-1/lib/system_LPC17xx.o
 .bss           0x10000011        0x0 /opt/york/cs/net/lpc1700-cmsis-lite-2011.01.26-i686-1/lib/startup_LPC17xx.o
 .bss           0x10000011        0x0 /opt/york/cs/net/sourcery-g++-lite-arm-eabi-2010.09.51-i686-1/arm-none-eabi/lib/thumb2/libcs3.a(start_c.o)
 .bss           0x10000011        0x0 /opt/york/cs/net/sourcery-g++-lite-arm-eabi-2010.09.51-i686-1/arm-none-eabi/lib/thumb2/libcs3unhosted.a(unhosted-start.o)
 .bss           0x10000011        0x0 /opt/york/cs/net/sourcery-g++-lite-arm-eabi-2010.09.51-i686-1/arm-none-eabi/lib/thumb2/libc.a(lib_a-init.o)
 .bss           0x10000011        0x0 /opt/york/cs/net/lpc1700-cmsis-lite-2011.01.26-i686-1/lib/libDriversLPC17xxgnu.a(lpc17xx_gpio.o)
 .bss           0x10000011        0x0 /opt/york/cs/net/sourcery-g++-lite-arm-eabi-2010.09.51-i686-1/bin/../lib/gcc/arm-none-eabi/4.5.1/thumb2/crtend.o
 .bss           0x10000011        0x0 /opt/york/cs/net/sourcery-g++-lite-arm-eabi-2010.09.51-i686-1/bin/../lib/gcc/arm-none-eabi/4.5.1/thumb2/crtn.o
 *(COMMON)
 *(.ram.b)
                0x10000018                . = ALIGN (0x8)
 *fill*         0x10000011        0x7 00
                0x10000018                _end = .
                0x10000018                __end = .

.usb_ram
 *.o(USB_RAM)

.heap           0x10000018     0x1000
 *(.heap)
 .heap          0x10000018     0x1000 /opt/york/cs/net/lpc1700-cmsis-lite-2011.01.26-i686-1/lib/startup_LPC17xx.o
                0x10000018                __cs3_heap_start
                0x10001018                __cs3_heap_end

.stack          0x10007f00      0x100
 *(.stack)
 .stack         0x10007f00      0x100 /opt/york/cs/net/lpc1700-cmsis-lite-2011.01.26-i686-1/lib/startup_LPC17xx.o
                0x10007f00                __cs3_stack_mem
                0x10008000                _estack = .
                0x10008000                PROVIDE (estack, .)
                0x00001050                __cs3_region_init_ram = LOADADDR (.data)
                0x00000010                __cs3_region_init_size_ram = (_edata - __cs3_region_start_ram)
                0x00000008                __cs3_region_zero_size_ram = (_end - _edata)
                0x00008000                __cs3_region_size_ram = 0x8000
                0x00000001                __cs3_region_num = 0x1

.stab
 *(.stab)

.stabstr
 *(.stabstr)

.debug
 *(.debug)

.line
 *(.line)

.debug_srcinfo
 *(.debug_srcinfo)

.debug_sfnames
 *(.debug_sfnames)

.comment        0x00000000       0x2a
 .comment       0x00000000       0x2a led.o
                                 0x2b (size before relaxing)
 .comment       0x00000000       0x2b /opt/york/cs/net/lpc1700-cmsis-lite-2011.01.26-i686-1/lib/core_cm3.o
 .comment       0x00000000       0x2b /opt/york/cs/net/lpc1700-cmsis-lite-2011.01.26-i686-1/lib/system_LPC17xx.o
 .comment       0x00000000       0x2b /opt/york/cs/net/lpc1700-cmsis-lite-2011.01.26-i686-1/lib/libDriversLPC17xxgnu.a(lpc17xx_gpio.o)

.debug_aranges  0x00000000      0x178
 *(.debug_aranges)
 .debug_aranges
                0x00000000       0x30 led.o
 .debug_aranges
                0x00000030       0x28 /opt/york/cs/net/lpc1700-cmsis-lite-2011.01.26-i686-1/lib/system_LPC17xx.o
 .debug_aranges
                0x00000058       0x28 /opt/york/cs/net/lpc1700-cmsis-lite-2011.01.26-i686-1/lib/startup_LPC17xx.o
 .debug_aranges
                0x00000080       0xf8 /opt/york/cs/net/lpc1700-cmsis-lite-2011.01.26-i686-1/lib/libDriversLPC17xxgnu.a(lpc17xx_gpio.o)

.debug_pubnames
                0x00000000      0x28e
 *(.debug_pubnames)
 .debug_pubnames
                0x00000000       0x3c led.o
 .debug_pubnames
                0x0000003c       0x4f /opt/york/cs/net/lpc1700-cmsis-lite-2011.01.26-i686-1/lib/system_LPC17xx.o
 .debug_pubnames
                0x0000008b      0x203 /opt/york/cs/net/lpc1700-cmsis-lite-2011.01.26-i686-1/lib/libDriversLPC17xxgnu.a(lpc17xx_gpio.o)

.debug_info     0x00000000     0x15c8
 *(.debug_info .gnu.linkonce.wi.*)
 .debug_info    0x00000000      0x16d led.o
 .debug_info    0x0000016d       0x68 /opt/york/cs/net/lpc1700-cmsis-lite-2011.01.26-i686-1/lib/core_cm3.o
 .debug_info    0x000001d5      0x509 /opt/york/cs/net/lpc1700-cmsis-lite-2011.01.26-i686-1/lib/system_LPC17xx.o
 .debug_info    0x000006de       0xc1 /opt/york/cs/net/lpc1700-cmsis-lite-2011.01.26-i686-1/lib/startup_LPC17xx.o
 .debug_info    0x0000079f      0xe29 /opt/york/cs/net/lpc1700-cmsis-lite-2011.01.26-i686-1/lib/libDriversLPC17xxgnu.a(lpc17xx_gpio.o)

.debug_abbrev   0x00000000      0x403
 *(.debug_abbrev)
 .debug_abbrev  0x00000000       0xfe led.o
 .debug_abbrev  0x000000fe       0x28 /opt/york/cs/net/lpc1700-cmsis-lite-2011.01.26-i686-1/lib/core_cm3.o
 .debug_abbrev  0x00000126      0x102 /opt/york/cs/net/lpc1700-cmsis-lite-2011.01.26-i686-1/lib/system_LPC17xx.o
 .debug_abbrev  0x00000228       0x12 /opt/york/cs/net/lpc1700-cmsis-lite-2011.01.26-i686-1/lib/startup_LPC17xx.o
 .debug_abbrev  0x0000023a      0x1c9 /opt/york/cs/net/lpc1700-cmsis-lite-2011.01.26-i686-1/lib/libDriversLPC17xxgnu.a(lpc17xx_gpio.o)

.debug_line     0x00000000      0x84c
 *(.debug_line)
 .debug_line    0x00000000      0x151 led.o
 .debug_line    0x00000151       0x1d /opt/york/cs/net/lpc1700-cmsis-lite-2011.01.26-i686-1/lib/core_cm3.o
 .debug_line    0x0000016e      0x1e4 /opt/york/cs/net/lpc1700-cmsis-lite-2011.01.26-i686-1/lib/system_LPC17xx.o
 .debug_line    0x00000352       0xb1 /opt/york/cs/net/lpc1700-cmsis-lite-2011.01.26-i686-1/lib/startup_LPC17xx.o
 .debug_line    0x00000403      0x449 /opt/york/cs/net/lpc1700-cmsis-lite-2011.01.26-i686-1/lib/libDriversLPC17xxgnu.a(lpc17xx_gpio.o)

.debug_frame    0x00000000      0x490
 *(.debug_frame)
 .debug_frame   0x00000000       0x6c led.o
 .debug_frame   0x0000006c       0x40 /opt/york/cs/net/lpc1700-cmsis-lite-2011.01.26-i686-1/lib/system_LPC17xx.o
 .debug_frame   0x000000ac       0x40 /opt/york/cs/net/sourcery-g++-lite-arm-eabi-2010.09.51-i686-1/arm-none-eabi/lib/thumb2/libcs3.a(start_c.o)
 .debug_frame   0x000000ec       0x2c /opt/york/cs/net/sourcery-g++-lite-arm-eabi-2010.09.51-i686-1/arm-none-eabi/lib/thumb2/libc.a(lib_a-init.o)
 .debug_frame   0x00000118      0x378 /opt/york/cs/net/lpc1700-cmsis-lite-2011.01.26-i686-1/lib/libDriversLPC17xxgnu.a(lpc17xx_gpio.o)

.debug_str      0x00000000      0x7ae
 *(.debug_str)
 .debug_str     0x00000000       0xc6 led.o
                                0x107 (size before relaxing)
 .debug_str     0x000000c6       0x42 /opt/york/cs/net/lpc1700-cmsis-lite-2011.01.26-i686-1/lib/core_cm3.o
                                 0xd2 (size before relaxing)
 .debug_str     0x00000108      0x230 /opt/york/cs/net/lpc1700-cmsis-lite-2011.01.26-i686-1/lib/system_LPC17xx.o
                                0x2d5 (size before relaxing)
 .debug_str     0x00000338      0x476 /opt/york/cs/net/lpc1700-cmsis-lite-2011.01.26-i686-1/lib/libDriversLPC17xxgnu.a(lpc17xx_gpio.o)
                                0x545 (size before relaxing)

.debug_loc      0x00000000      0x720
 *(.debug_loc)
 .debug_loc     0x00000000       0xa8 led.o
 .debug_loc     0x000000a8       0x58 /opt/york/cs/net/lpc1700-cmsis-lite-2011.01.26-i686-1/lib/system_LPC17xx.o
 .debug_loc     0x00000100      0x620 /opt/york/cs/net/lpc1700-cmsis-lite-2011.01.26-i686-1/lib/libDriversLPC17xxgnu.a(lpc17xx_gpio.o)

.debug_macinfo
 *(.debug_macinfo)

.debug_weaknames
 *(.debug_weaknames)

.debug_funcnames
 *(.debug_funcnames)

.debug_typenames
 *(.debug_typenames)

.debug_varnames
 *(.debug_varnames)

.note.gnu.arm.ident
 *(.note.gnu.arm.ident)

.ARM.attributes
                0x00000000       0x25
 *(.ARM.attributes)
 .ARM.attributes
                0x00000000       0x19 /opt/york/cs/net/sourcery-g++-lite-arm-eabi-2010.09.51-i686-1/bin/../lib/gcc/arm-none-eabi/4.5.1/thumb2/crti.o
 .ARM.attributes
                0x00000019       0x29 /opt/york/cs/net/sourcery-g++-lite-arm-eabi-2010.09.51-i686-1/bin/../lib/gcc/arm-none-eabi/4.5.1/thumb2/crtbegin.o
 .ARM.attributes
                0x00000042       0x31 led.o
 .ARM.attributes
                0x00000073       0x31 /opt/york/cs/net/lpc1700-cmsis-lite-2011.01.26-i686-1/lib/core_cm3.o
 .ARM.attributes
                0x000000a4       0x31 /opt/york/cs/net/lpc1700-cmsis-lite-2011.01.26-i686-1/lib/system_LPC17xx.o
 .ARM.attributes
                0x000000d5       0x21 /opt/york/cs/net/lpc1700-cmsis-lite-2011.01.26-i686-1/lib/startup_LPC17xx.o
 .ARM.attributes
                0x000000f6       0x29 /opt/york/cs/net/sourcery-g++-lite-arm-eabi-2010.09.51-i686-1/arm-none-eabi/lib/thumb2/libcs3.a(start_c.o)
 .ARM.attributes
                0x0000011f       0x19 /opt/york/cs/net/sourcery-g++-lite-arm-eabi-2010.09.51-i686-1/arm-none-eabi/lib/thumb2/libcs3unhosted.a(unhosted-start.o)
 .ARM.attributes
                0x00000138       0x29 /opt/york/cs/net/sourcery-g++-lite-arm-eabi-2010.09.51-i686-1/arm-none-eabi/lib/thumb2/libc.a(lib_a-init.o)
 .ARM.attributes
                0x00000161       0x31 /opt/york/cs/net/lpc1700-cmsis-lite-2011.01.26-i686-1/lib/libDriversLPC17xxgnu.a(lpc17xx_gpio.o)
 .ARM.attributes
                0x00000192       0x29 /opt/york/cs/net/sourcery-g++-lite-arm-eabi-2010.09.51-i686-1/bin/../lib/gcc/arm-none-eabi/4.5.1/thumb2/crtend.o
 .ARM.attributes
                0x000001bb       0x19 /opt/york/cs/net/sourcery-g++-lite-arm-eabi-2010.09.51-i686-1/bin/../lib/gcc/arm-none-eabi/4.5.1/thumb2/crtn.o

/DISCARD/
 *(.note.GNU-stack)
LOAD /opt/york/cs/net/lpc1700-cmsis-lite-2011.01.26-i686-1/lib/libDriversLPC17xxgnu.a
START GROUP
LOAD /opt/york/cs/net/sourcery-g++-lite-arm-eabi-2010.09.51-i686-1/bin/../lib/gcc/arm-none-eabi/4.5.1/thumb2/libgcc.a
LOAD /opt/york/cs/net/sourcery-g++-lite-arm-eabi-2010.09.51-i686-1/arm-none-eabi/lib/thumb2/libc.a
END GROUP
LOAD /opt/york/cs/net/sourcery-g++-lite-arm-eabi-2010.09.51-i686-1/bin/../lib/gcc/arm-none-eabi/4.5.1/thumb2/crtend.o
LOAD /opt/york/cs/net/sourcery-g++-lite-arm-eabi-2010.09.51-i686-1/bin/../lib/gcc/arm-none-eabi/4.5.1/thumb2/crtn.o
OUTPUT(bin/led elf32-littlearm)

.debug_pubtypes
                0x00000000      0x13c
 .debug_pubtypes
                0x00000000       0x1e led.o
 .debug_pubtypes
                0x0000001e       0x12 /opt/york/cs/net/lpc1700-cmsis-lite-2011.01.26-i686-1/lib/core_cm3.o
 .debug_pubtypes
                0x00000030       0x57 /opt/york/cs/net/lpc1700-cmsis-lite-2011.01.26-i686-1/lib/system_LPC17xx.o
 .debug_pubtypes
                0x00000087       0xb5 /opt/york/cs/net/lpc1700-cmsis-lite-2011.01.26-i686-1/lib/libDriversLPC17xxgnu.a(lpc17xx_gpio.o)

.debug_ranges   0x00000000      0x140
 .debug_ranges  0x00000000       0x20 led.o
 .debug_ranges  0x00000020       0x18 /opt/york/cs/net/lpc1700-cmsis-lite-2011.01.26-i686-1/lib/system_LPC17xx.o
 .debug_ranges  0x00000038       0x20 /opt/york/cs/net/lpc1700-cmsis-lite-2011.01.26-i686-1/lib/startup_LPC17xx.o
 .debug_ranges  0x00000058       0xe8 /opt/york/cs/net/lpc1700-cmsis-lite-2011.01.26-i686-1/lib/libDriversLPC17xxgnu.a(lpc17xx_gpio.o)
